============================= test session starts =============================
platform win32 -- Python 3.12.7, pytest-7.4.4, pluggy-1.0.0
rootdir: C:\HVDC PJT\hvdc_macho_gpt
plugins: anyio-4.2.0, dash-3.0.4, langsmith-0.3.42
collected 24 items / 13 errors

=================================== ERRORS ====================================
__________________ ERROR collecting test_mcp_automation.txt ___________________
C:\Users\minky\anaconda3\Lib\pathlib.py:1028: in read_text
    return f.read()
<frozen codecs>:322: in decode
    ???
E   UnicodeDecodeError: 'utf-8' codec can't decode byte 0xff in position 0: invalid start byte
_______________ ERROR collecting HVDC STATUS/test_permission.py _______________
HVDC STATUS\test_permission.py:1: in <module>
    with open('output/test_permission.txt', 'w', encoding='utf-8') as f:
E   FileNotFoundError: [Errno 2] No such file or directory: 'output/test_permission.txt'
________________ ERROR collecting WAREHOUSE/test_end_to_end.py ________________
ImportError while importing test module 'C:\HVDC PJT\hvdc_macho_gpt\WAREHOUSE\test_end_to_end.py'.
Hint: make sure your test modules/packages have valid Python names.
Traceback:
C:\Users\minky\anaconda3\Lib\importlib\__init__.py:90: in import_module
    return _bootstrap._gcd_import(name[level:], package, level)
WAREHOUSE\test_end_to_end.py:7: in <module>
    from excel_reporter import generate_financial_report
E   ImportError: cannot import name 'generate_financial_report' from 'excel_reporter' (C:\HVDC PJT\hvdc_macho_gpt\WAREHOUSE\excel_reporter.py). Did you mean: 'generate_monthly_report'?
------------------------------- Captured stdout -------------------------------
\u26a0\ufe0f \ub9e4\ud551\ub8f0 \ub85c\ub4dc \uc2e4\ud328: [Errno 2] No such file or directory: 'mapping_rules_v2.6.json'
__________ ERROR collecting WAREHOUSE/test_location_normalization.py __________
ImportError while importing test module 'C:\HVDC PJT\hvdc_macho_gpt\WAREHOUSE\test_location_normalization.py'.
Hint: make sure your test modules/packages have valid Python names.
Traceback:
C:\Users\minky\anaconda3\Lib\importlib\__init__.py:90: in import_module
    return _bootstrap._gcd_import(name[level:], package, level)
WAREHOUSE\test_location_normalization.py:13: in <module>
    from excel_reporter import (
E   ImportError: cannot import name 'validate_location_consistency' from 'excel_reporter' (C:\HVDC PJT\hvdc_macho_gpt\WAREHOUSE\excel_reporter.py)
_ ERROR collecting WAREHOUSE/HVDC_Clean_Project_Backup_v2.6_20250626/test_variance_analysis.py _
import file mismatch:
imported module 'test_variance_analysis' has this __file__ attribute:
  C:\HVDC PJT\hvdc_macho_gpt\WAREHOUSE\test_variance_analysis.py
which is not the same as the test file we want to collect:
  C:\HVDC PJT\hvdc_macho_gpt\WAREHOUSE\HVDC_Clean_Project_Backup_v2.6_20250626\test_variance_analysis.py
HINT: remove __pycache__ / .pyc files and/or use a unique basename for your test file modules
____ ERROR collecting WAREHOUSE/backup_20250626_144500/test_end_to_end.py _____
ImportError while importing test module 'C:\HVDC PJT\hvdc_macho_gpt\WAREHOUSE\backup_20250626_144500\test_end_to_end.py'.
Hint: make sure your test modules/packages have valid Python names.
Traceback:
C:\Users\minky\anaconda3\Lib\importlib\__init__.py:90: in import_module
    return _bootstrap._gcd_import(name[level:], package, level)
WAREHOUSE\backup_20250626_144500\test_end_to_end.py:7: in <module>
    from excel_reporter import generate_financial_report
E   ImportError: cannot import name 'generate_financial_report' from 'excel_reporter' (C:\HVDC PJT\hvdc_macho_gpt\WAREHOUSE\excel_reporter.py). Did you mean: 'generate_monthly_report'?
__ ERROR collecting WAREHOUSE/backup_20250626_144500/test_excel_reporter.py ___
import file mismatch:
imported module 'test_excel_reporter' has this __file__ attribute:
  C:\HVDC PJT\hvdc_macho_gpt\WAREHOUSE\test_excel_reporter.py
which is not the same as the test file we want to collect:
  C:\HVDC PJT\hvdc_macho_gpt\WAREHOUSE\backup_20250626_144500\test_excel_reporter.py
HINT: remove __pycache__ / .pyc files and/or use a unique basename for your test file modules
____ ERROR collecting WAREHOUSE/backup_20250626_144500/test_integration.py ____
import file mismatch:
imported module 'test_integration' has this __file__ attribute:
  C:\HVDC PJT\hvdc_macho_gpt\WAREHOUSE\test_integration.py
which is not the same as the test file we want to collect:
  C:\HVDC PJT\hvdc_macho_gpt\WAREHOUSE\backup_20250626_144500\test_integration.py
HINT: remove __pycache__ / .pyc files and/or use a unique basename for your test file modules
_ ERROR collecting WAREHOUSE/backup_20250626_144500/test_inventory_amount.py __
import file mismatch:
imported module 'test_inventory_amount' has this __file__ attribute:
  C:\HVDC PJT\hvdc_macho_gpt\WAREHOUSE\test_inventory_amount.py
which is not the same as the test file we want to collect:
  C:\HVDC PJT\hvdc_macho_gpt\WAREHOUSE\backup_20250626_144500\test_inventory_amount.py
HINT: remove __pycache__ / .pyc files and/or use a unique basename for your test file modules
_ ERROR collecting WAREHOUSE/backup_20250626_144500/test_location_normalization.py _
ImportError while importing test module 'C:\HVDC PJT\hvdc_macho_gpt\WAREHOUSE\backup_20250626_144500\test_location_normalization.py'.
Hint: make sure your test modules/packages have valid Python names.
Traceback:
C:\Users\minky\anaconda3\Lib\importlib\__init__.py:90: in import_module
    return _bootstrap._gcd_import(name[level:], package, level)
WAREHOUSE\backup_20250626_144500\test_location_normalization.py:13: in <module>
    from excel_reporter import (
E   ImportError: cannot import name 'validate_location_consistency' from 'excel_reporter' (C:\HVDC PJT\hvdc_macho_gpt\WAREHOUSE\excel_reporter.py)
______ ERROR collecting WAREHOUSE/backup_20250626_144500/test_system.py _______
import file mismatch:
imported module 'test_system' has this __file__ attribute:
  C:\HVDC PJT\hvdc_macho_gpt\WAREHOUSE\test_system.py
which is not the same as the test file we want to collect:
  C:\HVDC PJT\hvdc_macho_gpt\WAREHOUSE\backup_20250626_144500\test_system.py
HINT: remove __pycache__ / .pyc files and/or use a unique basename for your test file modules
_________ ERROR collecting WAREHOUSE/tests/test_expected_vs_actual.py _________
ImportError while importing test module 'C:\HVDC PJT\hvdc_macho_gpt\WAREHOUSE\tests\test_expected_vs_actual.py'.
Hint: make sure your test modules/packages have valid Python names.
Traceback:
C:\Users\minky\anaconda3\Lib\importlib\__init__.py:90: in import_module
    return _bootstrap._gcd_import(name[level:], package, level)
WAREHOUSE\tests\test_expected_vs_actual.py:3: in <module>
    from main import run_full_pipeline, calculate_daily_stock
E   ImportError: cannot import name 'run_full_pipeline' from 'main' (C:\HVDC PJT\hvdc_macho_gpt\WAREHOUSE\backup_20250626_144500\main.py)
_________ ERROR collecting WAREHOUSE/tests/test_inventory_improved.py _________
ImportError while importing test module 'C:\HVDC PJT\hvdc_macho_gpt\WAREHOUSE\tests\test_inventory_improved.py'.
Hint: make sure your test modules/packages have valid Python names.
Traceback:
C:\Users\minky\anaconda3\Lib\importlib\__init__.py:90: in import_module
    return _bootstrap._gcd_import(name[level:], package, level)
WAREHOUSE\tests\test_inventory_improved.py:4: in <module>
    from main import get_latest_inventory_summary
E   ImportError: cannot import name 'get_latest_inventory_summary' from 'main' (C:\HVDC PJT\hvdc_macho_gpt\WAREHOUSE\backup_20250626_144500\main.py). Did you mean: 'print_final_inventory_summary'?
=========================== short test summary info ===========================
ERROR test_mcp_automation.txt - UnicodeDecodeError: 'utf-8' codec can't decod...
ERROR HVDC STATUS/test_permission.py - FileNotFoundError: [Errno 2] No such f...
ERROR WAREHOUSE/test_end_to_end.py
ERROR WAREHOUSE/test_location_normalization.py
ERROR WAREHOUSE/HVDC_Clean_Project_Backup_v2.6_20250626/test_variance_analysis.py
ERROR WAREHOUSE/backup_20250626_144500/test_end_to_end.py
ERROR WAREHOUSE/backup_20250626_144500/test_excel_reporter.py
ERROR WAREHOUSE/backup_20250626_144500/test_integration.py
ERROR WAREHOUSE/backup_20250626_144500/test_inventory_amount.py
ERROR WAREHOUSE/backup_20250626_144500/test_location_normalization.py
ERROR WAREHOUSE/backup_20250626_144500/test_system.py
ERROR WAREHOUSE/tests/test_expected_vs_actual.py
ERROR WAREHOUSE/tests/test_inventory_improved.py
!!!!!!!!!!!!!!!!!! Interrupted: 13 errors during collection !!!!!!!!!!!!!!!!!!!
============================= 13 errors in 4.38s ==============================
